set -euo pipefail
set -x

# Download the model and the training file.
mkdir base-model


mkdir -p $(dirname base-model/config.json)
curl --output base-model/config.json "https://example.com/config.json"


mkdir dataset/
curl -o dataset/training.json "https://example.com/training-file"

mkdir output


cp ./ggml-adapter-model.bin ./output/


curl --request PUT --upload-file output/ggml-adapter-model.bin "https://example.com/output-model"
